// Vitest Snapshot v1, https://vitest.dev/guide/snapshot.html

exports[`every system widget type has a body > atlas renders a body the DM can read 1`] = `"Maps1SharingNo oneOld mill"`;

exports[`every system widget type has a body > audio renders a body the DM can read 1`] = `"Nothing playing — cue a track from the session audio controls."`;

exports[`every system widget type has a body > character renders a body the DM can read 1`] = `"HP— / —AC—STRDEXCONINTWISCHA"`;

exports[`every system widget type has a body > characters renders a body the DM can read 1`] = `"Party1Others1Brannor 18/24Ysolde 0/0"`;

exports[`every system widget type has a body > combat renders a body the DM can read 1`] = `"Round1TurnBrannorMill ambushTrivial"`;

exports[`every system widget type has a body > data-hub renders a body the DM can read 1`] = `"Scenes0Party1Campaign0Tables also show Updated · Visibility."`;

exports[`every system widget type has a body > dice renders a body the DM can read 1`] = `"d20 Roll"`;

exports[`every system widget type has a body > getting-started renders a body the DM can read 1`] = `"Setup1 / 2DepthIntermediateSet up your Command CenterCreate your first Scene"`;

exports[`every system widget type has a body > handout renders a body the DM can read 1`] = `"Empty note — select the widget to add text."`;

exports[`every system widget type has a body > initiative-tracker renders a body the DM can read 1`] = `"Round1TurnBrannorHP24 / 24 Next turnBrannor"`;

exports[`every system widget type has a body > map renders a body the DM can read 1`] = `"No map linked — choose a map to show its layers."`;

exports[`every system widget type has a body > note renders a body the DM can read 1`] = `"Depth: Full noteEmpty note — select the widget to add text."`;

exports[`every system widget type has a body > notes renders a body the DM can read 1`] = `"Tavern rumours1 of 1 notes"`;

exports[`every system widget type has a body > player-views renders a body the DM can read 1`] = `"Players1Assigned0Test Player · no view"`;

exports[`every system widget type has a body > prep renders a body the DM can read 1`] = `"Tavern rumours1 of 1 prep notes"`;

exports[`every system widget type has a body > quick-reference renders a body the DM can read 1`] = `"No reference objects visible yet — imported spells and objects appear here."`;

exports[`every system widget type has a body > search renders a body the DM can read 1`] = `"Saved1Pinned1Open threads"`;

exports[`every system widget type has a body > session renders a body the DM can read 1`] = `"PhaseActiveTurnBrannor1 playerSilent"`;

exports[`every system widget type has a body > session-campaign-date renders a body the DM can read 1`] = `"Campaign dateCreate a campaign calendar before setting a date.Define a calendar"`;

exports[`every system widget type has a body > session-capture renders a body the DM can read 1`] = `"End-of-session captureNo archived sessions yet. Ending a live session into Recap creates one to capture."`;

exports[`every system widget type has a body > session-handouts renders a body the DM can read 1`] = `"HandoutsHandout titleWhat the players readPush to playersNo handouts delivered yet."`;

exports[`every system widget type has a body > session-now-playing renders a body the DM can read 1`] = `"Now playingNothing playing. Start ambience from the Audio library."`;

exports[`every system widget type has a body > session-party renders a body the DM can read 1`] = `"PartyYsoldeNo hit points recorded"`;

exports[`every system widget type has a body > session-prep-recap renders a body the DM can read 1`] = `"Prep & recapCarry into the sessionCombat is running (round 1); review before resuming.10 recent changes to review.Session archivesNo archived sessions yet. Ending a live session into Recap creates one here."`;

exports[`every system widget type has a body > session-roster renders a body the DM can read 1`] = `"Table rosterNo live table yet. Use Host in the top bar to open your table — players appear here as they connect."`;

exports[`every system widget type has a body > session-schedule renders a body the DM can read 1`] = `"Schedule next sessionGoogle Calendar scheduling isn’t set up for this install. A one-time Google Cloud setup enables it — see the guide at docs/runbooks/google-oauth-setup.md."`;

exports[`every system widget type has a body > session-stage renders a body the DM can read 1`] = `"StageActive mapWhat you stage for the table.— none —Old millProject to playersPlayer viewsTest Player— none —Command Center"`;

exports[`every system widget type has a body > session-tables renders a body the DM can read 1`] = `"Rollable tablesNo rollable tables yet.A table is a vault object with a dice expression and result rows. Create one in the vault, then draw it here."`;

exports[`every system widget type has a body > timer renders a body the DM can read 1`] = `"1:00 Start"`;

exports[`every system widget type has a body > tools renders a body the DM can read 1`] = `"Widgets7Layouts0Save a layout from the DM screen toolbar to restore it later."`;
